<div style="font-family:-apple-system,Segoe UI,Roboto,Helvetica,Arial,sans-serif;font-size:15px;line-height:1.5;color:#1a1a1a;max-width:640px">
<h1 style="font-size:19px;font-weight:600;margin:0 0 2px">Wednesday, 5 August</h1>
<p style="margin:0 0 20px;color:#6b6b6b;font-size:13px">4 events</p>
<table style="border-collapse:collapse;width:100%">
<tr>
<td style="padding:0 14px 18px 0;vertical-align:top;white-space:nowrap;color:#6b6b6b;font-variant-numeric:tabular-nums">All day</td>
<td style="padding:0 0 18px;vertical-align:top">
<strong style="font-weight:600">Public holiday</strong>
</td>
</tr>
<tr>
<td style="padding:0 14px 18px 0;vertical-align:top;white-space:nowrap;color:#6b6b6b;font-variant-numeric:tabular-nums">09:00–09:15</td>
<td style="padding:0 0 18px;vertical-align:top">
<strong style="font-weight:600">Standup</strong><div style="margin-top:2px"><a href="https://meet.google.com/abc-defg-hij" style="color:#1a5fb4">Join</a></div><div style="color:#6b6b6b;font-size:13px;margin-top:2px">With: Sam</div><div style="color:#6b6b6b;font-size:13px">Organiser: dan@example.com</div><div style="color:#6b6b6b;font-size:13px">Repeats</div>
</td>
</tr>
<tr>
<td style="padding:0 14px 18px 0;vertical-align:top;white-space:nowrap;color:#6b6b6b;font-variant-numeric:tabular-nums">14:00–15:00</td>
<td style="padding:0 0 18px;vertical-align:top">
<strong style="font-weight:600">Dentist</strong><div style="color:#4a4a4a">12 Smith St, Brisbane</div><div style="color:#6b6b6b;font-size:13px;margin-top:2px">Bring the referral letter.</div><div style="color:#6b6b6b;font-size:13px">Organiser: reception@dental.example</div>
</td>
</tr>
<tr>
<td style="padding:0 14px 18px 0;vertical-align:top;white-space:nowrap;color:#6b6b6b;font-variant-numeric:tabular-nums">19:30–21:00</td>
<td style="padding:0 0 18px;vertical-align:top">
<strong style="font-weight:600">Book club</strong> <span style="color:#9a6b00;font-size:13px">(tentative)</span>
</td>
</tr>
</table>
<p style="margin:20px 0 0"><a href="https://calendar.int.lookout.wiki/d/xK3fQ9mTn2vB7cLpR4wZ" style="color:#1a5fb4">Full detail</a></p>
</div>
