<div style="font-family:-apple-system,Segoe UI,Roboto,Helvetica,Arial,sans-serif;font-size:15px;line-height:1.5;color:#1a1a1a;max-width:640px">
<h1 style="font-size:19px;font-weight:600;margin:0 0 2px">Wednesday, 5 August</h1>
<p style="margin:0 0 20px;color:#6b6b6b;font-size:13px">nothing on</p>
<p style="margin:20px 0 0"><a href="https://calendar.int.lookout.wiki/d/xK3fQ9mTn2vB7cLpR4wZ" style="color:#1a5fb4">Full detail</a></p>
</div>
