Wednesday, 5 August — 4 events

All day  Public holiday

09:00–09:15  Standup
    Join: https://meet.google.com/abc-defg-hij
    With: Sam
    Organiser: dan@example.com
    Repeats

14:00–15:00  Dentist
    12 Smith St, Brisbane
    Bring the referral letter.
    Organiser: reception@dental.example

19:30–21:00  Book club (tentative)

Full detail: https://calendar.int.lookout.wiki/d/xK3fQ9mTn2vB7cLpR4wZ
